<html>
<body>
<pre>
<h1>µVision Build Log</h1>
<h2>Tool Versions:</h2>
IDE-Version: µVision V5.28.0.0
Copyright (C) 2019 ARM Ltd and ARM Germany GmbH. All rights reserved.
License Information: Tony Zhu, Texas A&M, LIC=----
 
Tool Versions:
Toolchain:       MDK-Lite  Version: 5.28.0.0
Toolchain Path:  C:\Keil_v5\ARM\ARMCC\Bin
C Compiler:      Armcc.exe V5.06 update 6 (build 750)
Assembler:       Armasm.exe V5.06 update 6 (build 750)
Linker/Locator:  ArmLink.exe V5.06 update 6 (build 750)
Library Manager: ArmAr.exe V5.06 update 6 (build 750)
Hex Converter:   FromElf.exe V5.06 update 6 (build 750)
CPU DLL:         SARMCM3.DLL V5.28.0.0
Dialog DLL:      DCM.DLL V1.17.3.0
Target DLL:      TI_XDS\XDS2CM3.dll V1.0.6.0
Dialog DLL:      TCM.DLL V1.36.2.0
 
<h2>Project:</h2>
C:\Users\tonyz\Documents\Fall 2019 Classes\EXAM CODE 269\LabTemplate\LabTemplate.uvprojx
Project File Date:  11/18/2019

<h2>Output:</h2>
*** Using Compiler 'V5.06 update 6 (build 750)', folder: 'C:\Keil_v5\ARM\ARMCC\Bin'
Rebuild target 'Target 1'
assembling startup_msp432p401r_uvision.s...
compiling main.c...
functionsDef.h(12): warning:  #1-D: last line of file ends without a newline
  #endif
main.c(19): warning:  #69-D: integer conversion resulted in truncation
  		EUSCI_A0 -> BRW = 115200;
main.c(51): warning:  #128-D: loop is not reachable
  		while(1);
main.c: 3 warnings, 0 errors
compiling RedirectPrintf.c...
compiling ADTFunctions.c...
ADTFunctions.c(27): warning:  #1-D: last line of file ends without a newline
  }
ADTFunctions.c: 1 warning, 0 errors
compiling system_msp432p401r.c...
compiling functionDefs.c...
functionsDef.h(12): warning:  #1-D: last line of file ends without a newline
  #endif
functionDefs.c(88): warning:  #1166-D: returning pointer to local variable
  			return input;
functionDefs.c(113): warning:  #1-D: last line of file ends without a newline
  }
functionDefs.c: 3 warnings, 0 errors
linking...
Program Size: Code=1932 RO-data=612 RW-data=0 ZI-data=608  
".\Objects\LabTemplate.axf" - 0 Error(s), 7 Warning(s).

<h2>Software Packages used:</h2>

Package Vendor: ARM
                http://www.keil.com/pack/ARM.CMSIS.5.5.1.pack
                ARM.CMSIS.5.5.1
                CMSIS (Cortex Microcontroller Software Interface Standard)
   * Component: CORE Version: 5.2.0

Package Vendor: TexasInstruments
                http://software-dl.ti.com/msp430/msp430_public_sw/mcu/msp430/msp432cmsis/latest/exports/TexasInstruments.MSP432P4xx_DFP.3.2.6.pack
                TexasInstruments.MSP432P4xx_DFP.3.2.6
                Device Family Pack for Texas Instruments SimpleLink(TM) MSP432 Series
   * Component: Startup Version: 3.2.2

<h2>Collection of Component include folders:</h2>
  .\RTE\_Target_1
  C:\Users\tonyz\AppData\Local\Arm\Packs\ARM\CMSIS\5.5.1\CMSIS\Core\Include
  C:\Users\tonyz\AppData\Local\Arm\Packs\TexasInstruments\MSP432P4xx_DFP\3.2.6\Device\Include

<h2>Collection of Component Files used:</h2>

   * Component: ARM::CMSIS:CORE:5.2.0

   * Component: TexasInstruments::Device:Startup:3.2.2
      Source file:   Device\Source\system_msp432p401r.c
      Source file:   Examples\EmptyMain\main.c
      Source file:   Device\Source\startup_msp432p401r_uvision.s
      Include file:  Device\Include\msp_compatibility.h
      Source file:   Examples\BlinkLED\blinkLED.c
Build Time Elapsed:  00:00:01
</pre>
</body>
</html>
